nohup: ignoring input
Server listening on port 3000
[REQ-TRACE] GET /taskboard/api/stream
[REQ-TRACE] GET /taskboard/api/tasks
[SSE-DEBUG] GET /taskboard/api/tasks invoked
[REQ-TRACE] GET /taskboard/api/tasks
[SSE-DEBUG] GET /taskboard/api/tasks invoked
[REQ-TRACE] GET /taskboard/api/followups
[REQ-TRACE] GET /taskboard/api/followups
[REQ-TRACE] GET /taskboard/api/agents
[REQ-TRACE] GET /taskboard/api/agents
[REQ-TRACE] GET /taskboard/api/runner-status
[REQ-TRACE] GET /taskboard/api/runner-status
[REQ-TRACE] GET /taskboard/api/tasks
[SSE-DEBUG] GET /taskboard/api/tasks invoked
[REQ-TRACE] GET /taskboard/api/followups
[REQ-TRACE] GET /taskboard/api/agents
[REQ-TRACE] GET /taskboard/api/runner-status
[REQ-TRACE] GET /taskboard/api/tasks
[SSE-DEBUG] GET /taskboard/api/tasks invoked
[REQ-TRACE] GET /taskboard/api/tasks
[SSE-DEBUG] GET /taskboard/api/tasks invoked
[REQ-TRACE] GET /taskboard/api/followups
[REQ-TRACE] GET /taskboard/api/agents
[REQ-TRACE] GET /taskboard/api/runner-status
[REQ-TRACE] GET /taskboard/api/tasks
[SSE-DEBUG] GET /taskboard/api/tasks invoked
[REQ-TRACE] GET /taskboard/api/followups
[REQ-TRACE] GET /taskboard/api/followups
[REQ-TRACE] GET /taskboard/api/runner-status
[REQ-TRACE] GET /taskboard/api/runner-status
[REQ-TRACE] GET /taskboard/api/agents
[REQ-TRACE] GET /taskboard/api/tasks
[SSE-DEBUG] GET /taskboard/api/tasks invoked
[REQ-TRACE] GET /taskboard/api/followups
[REQ-TRACE] GET /taskboard/api/agents
[REQ-TRACE] GET /taskboard/api/runner-status
[REQ-TRACE] GET /taskboard/api/agents
[REQ-TRACE] GET /taskboard-v2
[REQ-TRACE] GET /taskboard-v2/assets/index-BDY3a6_-.js
[REQ-TRACE] GET /taskboard-v2/assets/index-tulzna7K.css
[REQ-TRACE] GET /taskboard-v2/sw.js
[REQ-TRACE] GET /taskboard-v2/offline.html
[REQ-TRACE] GET /taskboard-v2/manifest.webmanifest
[REQ-TRACE] GET /taskboard-v2/assets/icons/icon-192.png
[REQ-TRACE] GET /taskboard-v2/assets/icons/icon-512.png
[REQ-TRACE] GET /taskboard-v2/assets/icons/icon.svg
[REQ-TRACE] GET /taskboard/api/agents
[REQ-TRACE] GET /taskboard/api/runner-status
[REQ-TRACE] GET /taskboard/api/tasks
[SSE-DEBUG] GET /taskboard/api/tasks invoked
[REQ-TRACE] GET /taskboard/api/stream
[REQ-TRACE] GET /taskboard/api/tasks
[REQ-TRACE] GET /taskboard/api/tasks
[SSE-DEBUG] GET /taskboard/api/tasks invoked
[SSE-DEBUG] GET /taskboard/api/tasks invoked
[REQ-TRACE] GET /taskboard/api/followups
[REQ-TRACE] GET /taskboard/api/followups
[REQ-TRACE] GET /taskboard/api/followups
[REQ-TRACE] GET /taskboard/api/agents
[REQ-TRACE] GET /taskboard/api/agents
[REQ-TRACE] GET /taskboard/api/runner-status
[REQ-TRACE] GET /taskboard/api/runner-status
[REQ-TRACE] GET /taskboard/api/agents
[REQ-TRACE] GET /taskboard/api/runner-status
[REQ-TRACE] GET /taskboard-v2
[REQ-TRACE] GET /taskboard-v2/assets/index-BDY3a6_-.js
[REQ-TRACE] GET /taskboard-v2/assets/index-tulzna7K.css
[REQ-TRACE] GET /taskboard-v2/sw.js
[REQ-TRACE] GET /taskboard-v2/offline.html
[REQ-TRACE] GET /taskboard-v2/manifest.webmanifest
[REQ-TRACE] GET /taskboard-v2/assets/icons/icon-192.png
[REQ-TRACE] GET /taskboard-v2/assets/icons/icon-512.png
[REQ-TRACE] GET /taskboard-v2/assets/icons/icon.svg
[REQ-TRACE] GET /taskboard/api/agents
[REQ-TRACE] GET /taskboard/api/runner-status
[REQ-TRACE] GET /taskboard/api/tasks
[SSE-DEBUG] GET /taskboard/api/tasks invoked
[REQ-TRACE] GET /taskboard/api/stream
[REQ-TRACE] GET /taskboard/api/followups
[REQ-TRACE] GET /taskboard/api/tasks
[REQ-TRACE] GET /taskboard/api/tasks
[SSE-DEBUG] GET /taskboard/api/tasks invoked
[SSE-DEBUG] GET /taskboard/api/tasks invoked
[REQ-TRACE] GET /taskboard/api/followups
[REQ-TRACE] GET /taskboard/api/agents
[REQ-TRACE] GET /taskboard/api/followups
[REQ-TRACE] GET /taskboard/api/runner-status
[REQ-TRACE] GET /taskboard/api/agents
[REQ-TRACE] GET /taskboard/api/runner-status
[REQ-TRACE] GET /taskboard/api/agents
[REQ-TRACE] GET /taskboard/api/runner-status
[REQ-TRACE] GET /taskboard-v2
[REQ-TRACE] GET /taskboard-v2/assets/index-BDY3a6_-.js
[REQ-TRACE] GET /taskboard-v2/assets/index-tulzna7K.css
[REQ-TRACE] GET /taskboard-v2/sw.js
[REQ-TRACE] GET /taskboard-v2/offline.html
[REQ-TRACE] GET /taskboard-v2/manifest.webmanifest
[REQ-TRACE] GET /taskboard-v2/assets/icons/icon-192.png
[REQ-TRACE] GET /taskboard-v2/assets/icons/icon-512.png
[REQ-TRACE] GET /taskboard-v2/assets/icons/icon.svg
[REQ-TRACE] GET /taskboard/api/agents
[REQ-TRACE] GET /taskboard/api/runner-status
[REQ-TRACE] GET /taskboard/api/tasks
[SSE-DEBUG] GET /taskboard/api/tasks invoked
[REQ-TRACE] GET /taskboard/api/stream
[REQ-TRACE] GET /taskboard/api/followups
[REQ-TRACE] GET /taskboard/api/tasks
[REQ-TRACE] GET /taskboard/api/tasks
[SSE-DEBUG] GET /taskboard/api/tasks invoked
[SSE-DEBUG] GET /taskboard/api/tasks invoked
[REQ-TRACE] GET /taskboard/api/followups
[REQ-TRACE] GET /taskboard/api/agents
[REQ-TRACE] GET /taskboard/api/agents
[REQ-TRACE] GET /taskboard/api/runner-status
[REQ-TRACE] GET /taskboard/api/followups
[REQ-TRACE] GET /taskboard/api/runner-status
[REQ-TRACE] GET /taskboard/api/agents
[REQ-TRACE] GET /taskboard/api/runner-status
[REQ-TRACE] GET /taskboard/api/tasks
[SSE-DEBUG] GET /taskboard/api/tasks invoked
[REQ-TRACE] GET /taskboard/api/tasks
[SSE-DEBUG] GET /taskboard/api/tasks invoked
[REQ-TRACE] GET /taskboard/api/followups
[REQ-TRACE] GET /taskboard/api/runner-status
[REQ-TRACE] GET /taskboard/api/followups
[REQ-TRACE] GET /taskboard/api/agents
[REQ-TRACE] GET /taskboard/api/runner-status
[REQ-TRACE] GET /taskboard/api/agents
[REQ-TRACE] GET /taskboard/api/tasks
[SSE-DEBUG] GET /taskboard/api/tasks invoked
[REQ-TRACE] GET /taskboard/api/tasks
[SSE-DEBUG] GET /taskboard/api/tasks invoked
[REQ-TRACE] GET /taskboard/api/followups
[REQ-TRACE] GET /taskboard/api/runner-status
[REQ-TRACE] GET /taskboard/api/followups
[REQ-TRACE] GET /taskboard/api/agents
[REQ-TRACE] GET /taskboard/api/runner-status
[REQ-TRACE] GET /taskboard/api/agents
[REQ-TRACE] GET /taskboard/api/tasks
[SSE-DEBUG] GET /taskboard/api/tasks invoked
[REQ-TRACE] GET /taskboard/api/tasks
[SSE-DEBUG] GET /taskboard/api/tasks invoked
[REQ-TRACE] GET /taskboard/api/followups
[REQ-TRACE] GET /taskboard/api/followups
[REQ-TRACE] GET /taskboard/api/runner-status
[REQ-TRACE] GET /taskboard/api/runner-status
[REQ-TRACE] GET /taskboard/api/agents
[REQ-TRACE] GET /taskboard/api/agents
[REQ-TRACE] GET /taskboard/api/tasks
[SSE-DEBUG] GET /taskboard/api/tasks invoked
[REQ-TRACE] GET /taskboard/api/tasks
[REQ-TRACE] GET /taskboard/api/followups
[SSE-DEBUG] GET /taskboard/api/tasks invoked
[REQ-TRACE] GET /taskboard/api/runner-status
[REQ-TRACE] GET /taskboard/api/followups
[REQ-TRACE] GET /taskboard/api/agents
[REQ-TRACE] GET /taskboard/api/runner-status
[REQ-TRACE] GET /taskboard/api/agents
[REQ-TRACE] GET /taskboard/api/tasks
[SSE-DEBUG] GET /taskboard/api/tasks invoked
[REQ-TRACE] GET /taskboard/api/tasks
[SSE-DEBUG] GET /taskboard/api/tasks invoked
[REQ-TRACE] GET /taskboard/api/followups
[REQ-TRACE] GET /taskboard/api/followups
[REQ-TRACE] GET /taskboard/api/runner-status
[REQ-TRACE] GET /taskboard/api/runner-status
[REQ-TRACE] GET /taskboard/api/agents
[REQ-TRACE] GET /taskboard/api/agents
[REQ-TRACE] GET /taskboard/api/tasks
[SSE-DEBUG] GET /taskboard/api/tasks invoked
[REQ-TRACE] GET /taskboard/api/tasks
[SSE-DEBUG] GET /taskboard/api/tasks invoked
[REQ-TRACE] GET /taskboard/api/followups
[REQ-TRACE] GET /taskboard/api/runner-status
[REQ-TRACE] GET /taskboard/api/followups
[REQ-TRACE] GET /taskboard/api/agents
[REQ-TRACE] GET /taskboard/api/runner-status
[REQ-TRACE] GET /taskboard/api/agents
[REQ-TRACE] GET /taskboard/api/tasks
[SSE-DEBUG] GET /taskboard/api/tasks invoked
[REQ-TRACE] GET /taskboard/api/tasks
[SSE-DEBUG] GET /taskboard/api/tasks invoked
[REQ-TRACE] GET /taskboard/api/followups
[REQ-TRACE] GET /taskboard/api/runner-status
[REQ-TRACE] GET /taskboard/api/followups
[REQ-TRACE] GET /taskboard/api/agents
[REQ-TRACE] GET /taskboard/api/runner-status
[REQ-TRACE] GET /taskboard/api/agents
[REQ-TRACE] GET /taskboard/api/tasks
[SSE-DEBUG] GET /taskboard/api/tasks invoked
[REQ-TRACE] GET /taskboard/api/tasks
[SSE-DEBUG] GET /taskboard/api/tasks invoked
[REQ-TRACE] GET /taskboard/api/followups
[REQ-TRACE] GET /taskboard/api/followups
[REQ-TRACE] GET /taskboard/api/runner-status
[REQ-TRACE] GET /taskboard/api/runner-status
[REQ-TRACE] GET /taskboard/api/agents
[REQ-TRACE] GET /taskboard/api/agents
[REQ-TRACE] GET /taskboard/api/tasks
[SSE-DEBUG] GET /taskboard/api/tasks invoked
[REQ-TRACE] GET /taskboard/api/tasks
[SSE-DEBUG] GET /taskboard/api/tasks invoked
[REQ-TRACE] GET /taskboard/api/followups
[REQ-TRACE] GET /taskboard/api/runner-status
[REQ-TRACE] GET /taskboard/api/followups
[REQ-TRACE] GET /taskboard/api/agents
[REQ-TRACE] GET /taskboard/api/runner-status
[REQ-TRACE] GET /taskboard/api/agents
[REQ-TRACE] GET /taskboard/api/tasks
[SSE-DEBUG] GET /taskboard/api/tasks invoked
[REQ-TRACE] GET /taskboard/api/tasks
[SSE-DEBUG] GET /taskboard/api/tasks invoked
[REQ-TRACE] GET /taskboard/api/followups
[REQ-TRACE] GET /taskboard/api/runner-status
[REQ-TRACE] GET /taskboard/api/followups
[REQ-TRACE] GET /taskboard/api/agents
[REQ-TRACE] GET /taskboard/api/runner-status
[REQ-TRACE] GET /taskboard/api/agents
[REQ-TRACE] GET /taskboard/api/tasks
[SSE-DEBUG] GET /taskboard/api/tasks invoked
[REQ-TRACE] GET /taskboard/api/tasks
[SSE-DEBUG] GET /taskboard/api/tasks invoked
[REQ-TRACE] GET /taskboard/api/followups
[REQ-TRACE] GET /taskboard/api/runner-status
[REQ-TRACE] GET /taskboard/api/followups
[REQ-TRACE] GET /taskboard/api/agents
[REQ-TRACE] GET /taskboard/api/runner-status
[REQ-TRACE] GET /taskboard/api/agents
